# Snapshot Wordstat: putin team, РФ, «Популярные», 2026-05-19
- role: cell
  name: putin team
  ref: e104
- role: cell
  name: 3 383
  ref: e105
- role: cell
  name: putin team russia
  ref: e106
- role: cell
  name: 1 479
  ref: e107
- role: cell
  name: putin team одежда
  ref: e108
- role: cell
  name: 981
  ref: e109
- role: cell
  name: одежда putin team russia
  ref: e110
- role: cell
  name: 532
  ref: e111
- role: cell
  name: putin team официальный
  ref: e112
- role: cell
  name: 257
  ref: e113
- role: cell
  name: putin team сайт
  ref: e114
- role: cell
  name: 251
  ref: e115
- role: cell
  name: putin team официальный сайт
  ref: e116
- role: cell
  name: 247
  ref: e117
- role: cell
  name: одежда putin team официальный
  ref: e118
- role: cell
  name: 205
  ref: e119
- role: cell
  name: putin team одежда официальный сайт
  ref: e120
- role: cell
  name: 197
  ref: e121
- role: cell
  name: putin team russia сайт
  ref: e122
- role: cell
  name: 183
  ref: e123
- role: cell
  name: putin team russia официальный сайт
  ref: e124
- role: cell
  name: 180
  ref: e125
- role: cell
  name: putin team russia одежда официальный
  ref: e126
- role: cell
  name: 161
  ref: e127
- role: cell
  name: putin team russia одежда официальный сайт
  ref: e128
- role: cell
  name: 155
  ref: e129
- role: cell
  name: putin team магазин
  ref: e130
- role: cell
  name: 142
  ref: e131
- role: cell
  name: putin team купить
  ref: e132
- role: cell
  name: 96
  ref: e133
- role: cell
  name: бренд putin team
  ref: e134
- role: cell
  name: 94
  ref: e135
- role: cell
  name: магазин putin team russia
  ref: e136
- role: cell
  name: 67
  ref: e137
- role: cell
  name: костюм putin team
  ref: e138
- role: cell
  name: 61
  ref: e139
- role: cell
  name: putin team одежда купить
  ref: e140
- role: cell
  name: 47
  ref: e141
- role: cell
  name: спортивный костюм putin team
  ref: e142
- role: cell
  name: 44
  ref: e143
- role: cell
  name: putin team перевод
  ref: e144
- role: cell
  name: 42
  ref: e145
- role: cell
  name: putin team отзывы
  ref: e146
- role: cell
  name: 40
  ref: e147
- role: cell
  name: putin team russia отзывы
  ref: e148
- role: cell
  name: 39
  ref: e149
- role: cell
  name: putin team перевод на русский
  ref: e150
- role: cell
  name: 31
  ref: e151
- role: cell
  name: putin team кепка
  ref: e152
- role: cell
  name: 28
  ref: e153
- role: cell
  name: putin team футболки
  ref: e154
- role: cell
  name: 27
  ref: e155
- role: cell
  name: putin team владелец
  ref: e156
- role: cell
  name: 26
  ref: e157
- role: cell
  name: азбука putin team
  ref: e158
- role: cell
  name: 25
  ref: e159
- role: cell
  name: smp racing putin team
  ref: e160
- role: cell
  name: 25
  ref: e161
- role: cell
  name: putin team russia перевод
  ref: e162
- role: cell
  name: 22
  ref: e163
- role: cell
  name: жилетка черная putin team купить
  ref: e164
- role: cell
  name: 22
  ref: e165
- role: cell
  name: president putin team
  ref: e166
- role: cell
  name: 21
  ref: e167
- role: cell
  name: рюкзак putin team
  ref: e168
- role: cell
  name: 21
  ref: e169
- role: cell
  name: putin team екатеринбург
  ref: e170
- role: cell
  name: 20
  ref: e171
- role: cell
  name: putin team поло
  ref: e172
- role: cell
  name: 19
  ref: e173
- role: cell
  name: putin team ru
  ref: e174
- role: cell
  name: 19
  ref: e175
- role: cell
  name: толстовка putin team
  ref: e176
- role: cell
  name: 18
  ref: e177
- role: cell
  name: putin team шереметьевское ш вл37 химки
  ref: e178
- role: cell
  name: 18
  ref: e179
- role: cell
  name: putin team одежда магазины
  ref: e180
- role: cell
  name: 16
  ref: e181
- role: cell
  name: putin team russia перевод на русский
  ref: e182
- role: cell
  name: 16
  ref: e183
- role: cell
  name: putin russian team
  ref: e184
- role: cell
  name: 16
  ref: e185
- role: cell
  name: mr president putin team
  ref: e186
- role: cell
  name: 15
  ref: e187
- role: cell
  name: putin team russia купить
  ref: e188
- role: cell
  name: 15
  ref: e189
- role: cell
  name: putin team москва
  ref: e190
- role: cell
  name: 15
  ref: e191
- role: cell
  name: putin team кому принадлежит
  ref: e192
- role: cell
  name: 14
  ref: e193
- role: cell
  name: putin team russia что за бренд
  ref: e194
- role: cell
  name: 14
  ref: e195
- role: cell
  name: спортивный костюм putin team russia
  ref: e196
- role: cell
  name: 14
  ref: e197
- role: cell
  name: putin team геленджик
  ref: e198
- role: cell
  name: 14
  ref: e199
- role: cell
  name: putin team красноярск
  ref: e200
- role: cell
  name: 13
  ref: e201
- role: cell
  name: putin team russia перевод на русский язык
  ref: e202
- role: cell
  name: 12
  ref: e203
- role: cell
  name: putin team russia кто владелец
  ref: e204
- role: cell
  name: 11
  ref: e205
- role: cell
  name: putin team russia воронеж
  ref: e206
- role: cell
  name: 11
  ref: e207
- role: cell
  name: putin team чей бренд
  ref: e208
- role: cell
  name: 11
  ref: e209
- role: cell
  name: putin team x smp racing
  ref: e210
- role: cell
  name: 10
  ref: e211
- role: cell
  name: putin team russia одежда купить
  ref: e212
- role: cell
  name: 10
  ref: e213
- role: cell
  name: шишкин putin team
  ref: e214
- role: cell
  name: 10
  ref: e215
- role: cell
  name: putin team сочи
  ref: e216
- role: cell
  name: 10
  ref: e217
- role: cell
  name: худи putin team
  ref: e218
- role: cell
  name: 9
  ref: e219
- role: cell
  name: бейсболка putin team
  ref: e220
- role: cell
  name: 9
  ref: e221
- role: cell
  name: куртка putin team
  ref: e222
- role: cell
  name: 9
  ref: e223
- role: cell
  name: putin team красная машина
  ref: e224
- role: cell
  name: 8
  ref: e225
- role: cell
  name: магазин putin team russia официальный
  ref: e226
- role: cell
  name: 8
  ref: e227
- role: cell
  name: putin team одежда кто владелец
  ref: e228
- role: cell
  name: 8
  ref: e229
- role: cell
  name: ветровка putin team
  ref: e230
- role: cell
  name: 7
  ref: e231
- role: cell
  name: putin team russia отзывы сотрудников
  ref: e232
- role: cell
  name: 7
  ref: e233
- role: cell
  name: putin team брюки
  ref: e234
- role: cell
  name: 7
  ref: e235
- role: cell
  name: putin team russia инн
  ref: e236
- role: cell
  name: 7
  ref: e237
- role: cell
  name: putin team казань
  ref: e238
- role: cell
  name: 7
  ref: e239
- role: cell
  name: галстук putin team
  ref: e240
- role: cell
  name: 6
  ref: e241
- role: cell
  name: putin team одежда официальный сайт интернет магазин
  ref: e242
- role: cell
  name: 6
  ref: e243
- role: cell
  name: putin team краснодар
  ref: e244
- role: cell
  name: 6
  ref: e245
- role: cell
  name: магазин putin team russia официальный сайт
  ref: e246
- role: cell
  name: 5
  ref: e247
- role: cell
  name: красная машина russia putin team
  ref: e248
- role: cell
  name: 5
  ref: e249
- role: cell
  name: putin team russia одежда отзывы
  ref: e250
- role: cell
  name: 2
  ref: e251
- role: cell
  name: купить мужскую одежду putin team
  ref: e252
- role: cell
  name: 1
  ref: e253
